MAP
    # the following two lines tell MapServer to write debugging output to a log file.  Remove the '#' from the beginning
    # of the two lines below to enable this logging:
    # CONFIG "MS_ERRORFILE" "../var/log/ewsmonthly.log"
    #DEBUG 5

    # all temp files get prefixed with this string
    NAME ms_rlayers

    #jdm:added to accomodate map layers
    #see http://trac.osgeo.org/mapserver/ticket/3055
    MAXSIZE 3072    
    
    # background color of image if transparency
    # is not requested
    IMAGECOLOR 255 255 255

    # default output image dimensions
    SIZE 1200 1000

    # always returns a map
    STATUS ON

    # set top level projection
    PROJECTION
     "init=epsg:4326"
    END

    # image format options
    OUTPUTFORMAT
        NAME "GEOTIFF"
        DRIVER "GDAL/GTiff"
        MIMETYPE "image/geotiff"
        IMAGEMODE "BYTE"
        EXTENSION "tif"
    END

    # minx miny maxx maxy
    # sets:
    # /WMT_MS_Capabilities/Capability/Layer/LatLonBoundingBox(@minx @miny @maxx @maxx)
    EXTENT -180 -90 180 90 # World

    # add def pointers for symbols
    SYMBOLSET "./symbols/symbols35.sym"
    FONTSET   "./fonts/fonts.list"

    #
    # Start of web interface definition
    WEB
        # this is the real filepath to the temp dir for intermediate file creation
        IMAGEPATH "./tmp"
        # this is the web-accessible path to IMAGEPATH
        IMAGEURL "/tmp/"
        HEADER "./templates/query_header.html"
        FOOTER "./templates/query_footer.html"
        METADATA
            "ows_enable_request"     "*"
            "wms_title"              "rlayers"
            "wms_abstract"           "rlayers"
            "wms_onlineresource"     "http://rain.nemac.org/~mwhutchi/grownc/rlayers"
            "wms_srs"                "EPSG:4326 EPSG:2163 EPSG:3785 EPSG:900913"
        END
    END

    QUERYMAP
        STATUS OFF
    END

    # set defaults for GetLegendGraphic requests 
    LEGEND
      KEYSIZE 154 297
    END

    LAYER
        NAME tree_cover
        PROJECTION
			"proj=lcc"
			"lat_1=36.16666666666666"
			"lat_2=34.33333333333334"
			"lat_0=33.75"
			"lon_0=-79"
			"x_0=609601.22"
			"y_0=0"
			"ellps=GRS80"
			"datum=NAD83"
			"units=m"
			"no_defs"
        END
        TYPE     RASTER
        DUMP     TRUE
        STATUS   OFF
        DATA     /flood/grownc/tree_cover.img
        HEADER   ./templates/layer_query_header.html
        TEMPLATE ./templates/layer_query_body.html
		INCLUDE "cmaps/tree_cover.cmap"
        METADATA
            "wms_title"             "tree_cover"
            "wms_abstract"          "tree_cover"
            "gml_include_items"     "value_0"
			"gml_value_0_alias"     "tree_cover"
        END  # end METADATA
    END # end LAYER
END # end MAP
